// Jest Snapshot v1, https://goo.gl/fbAQLP

exports[`<Header> renders correctly 1`] = `
<h2>
  Hello 
  Nekomimi
   World!
</h2>
`;
